------------------------------------------------------------
Timing Analyzer Summary
------------------------------------------------------------

Type  : Slow 1200mV 85C Model Setup 'clkdiv:DIVISOR_REFRESH|clk_div'
Slack : -3.441
TNS   : -144.057

Type  : Slow 1200mV 85C Model Setup 'MAX10_CLK1_50'
Slack : -2.026
TNS   : -2.026

Type  : Slow 1200mV 85C Model Setup 'ip_inst|altpll_component|auto_generated|pll1|clk[1]'
Slack : 494.032
TNS   : 0.000

Type  : Slow 1200mV 85C Model Hold 'ip_inst|altpll_component|auto_generated|pll1|clk[1]'
Slack : 0.414
TNS   : 0.000

Type  : Slow 1200mV 85C Model Hold 'MAX10_CLK1_50'
Slack : 0.645
TNS   : 0.000

Type  : Slow 1200mV 85C Model Hold 'clkdiv:DIVISOR_REFRESH|clk_div'
Slack : 3.046
TNS   : 0.000

Type  : Slow 1200mV 85C Model Minimum Pulse Width 'clkdiv:DIVISOR_REFRESH|clk_div'
Slack : -1.403
TNS   : -64.538

Type  : Slow 1200mV 85C Model Minimum Pulse Width 'MAX10_CLK1_50'
Slack : 9.638
TNS   : 0.000

Type  : Slow 1200mV 85C Model Minimum Pulse Width 'ip_inst|altpll_component|auto_generated|pll1|clk[1]'
Slack : 249.720
TNS   : 0.000

Type  : Slow 1200mV 0C Model Setup 'clkdiv:DIVISOR_REFRESH|clk_div'
Slack : -3.442
TNS   : -145.753

Type  : Slow 1200mV 0C Model Setup 'MAX10_CLK1_50'
Slack : -1.803
TNS   : -1.803

Type  : Slow 1200mV 0C Model Setup 'ip_inst|altpll_component|auto_generated|pll1|clk[1]'
Slack : 494.429
TNS   : 0.000

Type  : Slow 1200mV 0C Model Hold 'ip_inst|altpll_component|auto_generated|pll1|clk[1]'
Slack : 0.334
TNS   : 0.000

Type  : Slow 1200mV 0C Model Hold 'MAX10_CLK1_50'
Slack : 0.596
TNS   : 0.000

Type  : Slow 1200mV 0C Model Hold 'clkdiv:DIVISOR_REFRESH|clk_div'
Slack : 3.005
TNS   : 0.000

Type  : Slow 1200mV 0C Model Minimum Pulse Width 'clkdiv:DIVISOR_REFRESH|clk_div'
Slack : -1.403
TNS   : -64.538

Type  : Slow 1200mV 0C Model Minimum Pulse Width 'MAX10_CLK1_50'
Slack : 9.650
TNS   : 0.000

Type  : Slow 1200mV 0C Model Minimum Pulse Width 'ip_inst|altpll_component|auto_generated|pll1|clk[1]'
Slack : 249.709
TNS   : 0.000

Type  : Fast 1200mV 0C Model Setup 'clkdiv:DIVISOR_REFRESH|clk_div'
Slack : -1.353
TNS   : -51.635

Type  : Fast 1200mV 0C Model Setup 'MAX10_CLK1_50'
Slack : -0.837
TNS   : -0.837

Type  : Fast 1200mV 0C Model Setup 'ip_inst|altpll_component|auto_generated|pll1|clk[1]'
Slack : 497.231
TNS   : 0.000

Type  : Fast 1200mV 0C Model Hold 'ip_inst|altpll_component|auto_generated|pll1|clk[1]'
Slack : 0.206
TNS   : 0.000

Type  : Fast 1200mV 0C Model Hold 'MAX10_CLK1_50'
Slack : 0.250
TNS   : 0.000

Type  : Fast 1200mV 0C Model Hold 'clkdiv:DIVISOR_REFRESH|clk_div'
Slack : 1.233
TNS   : 0.000

Type  : Fast 1200mV 0C Model Minimum Pulse Width 'clkdiv:DIVISOR_REFRESH|clk_div'
Slack : -1.000
TNS   : -46.000

Type  : Fast 1200mV 0C Model Minimum Pulse Width 'MAX10_CLK1_50'
Slack : 9.329
TNS   : 0.000

Type  : Fast 1200mV 0C Model Minimum Pulse Width 'ip_inst|altpll_component|auto_generated|pll1|clk[1]'
Slack : 249.795
TNS   : 0.000

------------------------------------------------------------
