Analysis & Synthesis report for PWM
Thu Mar 13 07:38:41 2025
Quartus Prime Version 23.1std.0 Build 991 11/28/2023 SC Lite Edition


---------------------
; Table of Contents ;
---------------------
  1. Legal Notice
  2. Analysis & Synthesis Summary
  3. Analysis & Synthesis Settings
  4. Parallel Compilation
  5. Analysis & Synthesis Source Files Read
  6. Analysis & Synthesis Resource Usage Summary
  7. Analysis & Synthesis Resource Utilization by Entity
  8. Analysis & Synthesis DSP Block Usage Summary
  9. Registers Removed During Synthesis
 10. General Register Statistics
 11. Inverted Register Statistics
 12. Multiplexer Restructuring Statistics (Restructuring Performed)
 13. Parameter Settings for User Entity Instance: Top-level Entity: |PWM_servo
 14. Parameter Settings for User Entity Instance: debouncer2:d1|clkdiv:u1
 15. Parameter Settings for User Entity Instance: debouncer2:d2|clkdiv:u1
 16. Parameter Settings for User Entity Instance: clkdiv:clock_divider_inst
 17. Parameter Settings for Inferred Entity Instance: lpm_mult:Mult0
 18. Parameter Settings for Inferred Entity Instance: lpm_divide:Div0
 19. lpm_mult Parameter Settings by Entity Instance
 20. Port Connectivity Checks: "clkdiv:clock_divider_inst"
 21. Port Connectivity Checks: "debouncer2:d2"
 22. Port Connectivity Checks: "debouncer2:d1"
 23. Post-Synthesis Netlist Statistics for Top Partition
 24. Elapsed Time Per Partition
 25. Analysis & Synthesis Messages



----------------
; Legal Notice ;
----------------
Copyright (C) 2023  Intel Corporation. All rights reserved.
Your use of Intel Corporation's design tools, logic functions 
and other software and tools, and any partner logic 
functions, and any output files from any of the foregoing 
(including device programming or simulation files), and any 
associated documentation or information are expressly subject 
to the terms and conditions of the Intel Program License 
Subscription Agreement, the Intel Quartus Prime License Agreement,
the Intel FPGA IP License Agreement, or other applicable license
agreement, including, without limitation, that your use is for
the sole purpose of programming logic devices manufactured by
Intel and sold by Intel or its authorized distributors.  Please
refer to the applicable agreement for further details, at
https://fpgasoftware.intel.com/eula.



+-------------------------------------------------------------------------------------+
; Analysis & Synthesis Summary                                                        ;
+------------------------------------+------------------------------------------------+
; Analysis & Synthesis Status        ; Successful - Thu Mar 13 07:38:41 2025          ;
; Quartus Prime Version              ; 23.1std.0 Build 991 11/28/2023 SC Lite Edition ;
; Revision Name                      ; PWM                                            ;
; Top-level Entity Name              ; PWM_servo                                      ;
; Family                             ; MAX 10                                         ;
; Total logic elements               ; 693                                            ;
;     Total combinational functions  ; 687                                            ;
;     Dedicated logic registers      ; 122                                            ;
; Total registers                    ; 122                                            ;
; Total pins                         ; 6                                              ;
; Total virtual pins                 ; 0                                              ;
; Total memory bits                  ; 0                                              ;
; Embedded Multiplier 9-bit elements ; 4                                              ;
; Total PLLs                         ; 0                                              ;
; UFM blocks                         ; 0                                              ;
; ADC blocks                         ; 0                                              ;
+------------------------------------+------------------------------------------------+


+------------------------------------------------------------------------------------------------------------+
; Analysis & Synthesis Settings                                                                              ;
+------------------------------------------------------------------+--------------------+--------------------+
; Option                                                           ; Setting            ; Default Value      ;
+------------------------------------------------------------------+--------------------+--------------------+
; Device                                                           ; 10M50DAF484C7G     ;                    ;
; Top-level entity name                                            ; PWM_servo          ; PWM                ;
; Family name                                                      ; MAX 10             ; Cyclone V          ;
; Use smart compilation                                            ; Off                ; Off                ;
; Enable parallel Assembler and Timing Analyzer during compilation ; On                 ; On                 ;
; Enable compact report table                                      ; Off                ; Off                ;
; Restructure Multiplexers                                         ; Auto               ; Auto               ;
; Create Debugging Nodes for IP Cores                              ; Off                ; Off                ;
; Preserve fewer node names                                        ; On                 ; On                 ;
; Intel FPGA IP Evaluation Mode                                    ; Enable             ; Enable             ;
; Verilog Version                                                  ; Verilog_2001       ; Verilog_2001       ;
; VHDL Version                                                     ; VHDL_1993          ; VHDL_1993          ;
; State Machine Processing                                         ; Auto               ; Auto               ;
; Safe State Machine                                               ; Off                ; Off                ;
; Extract Verilog State Machines                                   ; On                 ; On                 ;
; Extract VHDL State Machines                                      ; On                 ; On                 ;
; Ignore Verilog initial constructs                                ; Off                ; Off                ;
; Iteration limit for constant Verilog loops                       ; 5000               ; 5000               ;
; Iteration limit for non-constant Verilog loops                   ; 250                ; 250                ;
; Add Pass-Through Logic to Inferred RAMs                          ; On                 ; On                 ;
; Infer RAMs from Raw Logic                                        ; On                 ; On                 ;
; Parallel Synthesis                                               ; On                 ; On                 ;
; DSP Block Balancing                                              ; Auto               ; Auto               ;
; NOT Gate Push-Back                                               ; On                 ; On                 ;
; Power-Up Don't Care                                              ; On                 ; On                 ;
; Remove Redundant Logic Cells                                     ; Off                ; Off                ;
; Remove Duplicate Registers                                       ; On                 ; On                 ;
; Ignore CARRY Buffers                                             ; Off                ; Off                ;
; Ignore CASCADE Buffers                                           ; Off                ; Off                ;
; Ignore GLOBAL Buffers                                            ; Off                ; Off                ;
; Ignore ROW GLOBAL Buffers                                        ; Off                ; Off                ;
; Ignore LCELL Buffers                                             ; Off                ; Off                ;
; Ignore SOFT Buffers                                              ; On                 ; On                 ;
; Limit AHDL Integers to 32 Bits                                   ; Off                ; Off                ;
; Optimization Technique                                           ; Balanced           ; Balanced           ;
; Carry Chain Length                                               ; 70                 ; 70                 ;
; Auto Carry Chains                                                ; On                 ; On                 ;
; Auto Open-Drain Pins                                             ; On                 ; On                 ;
; Perform WYSIWYG Primitive Resynthesis                            ; Off                ; Off                ;
; Auto ROM Replacement                                             ; On                 ; On                 ;
; Auto RAM Replacement                                             ; On                 ; On                 ;
; Auto DSP Block Replacement                                       ; On                 ; On                 ;
; Auto Shift Register Replacement                                  ; Auto               ; Auto               ;
; Allow Shift Register Merging across Hierarchies                  ; Auto               ; Auto               ;
; Auto Clock Enable Replacement                                    ; On                 ; On                 ;
; Strict RAM Replacement                                           ; Off                ; Off                ;
; Allow Synchronous Control Signals                                ; On                 ; On                 ;
; Force Use of Synchronous Clear Signals                           ; Off                ; Off                ;
; Auto RAM Block Balancing                                         ; On                 ; On                 ;
; Auto RAM to Logic Cell Conversion                                ; Off                ; Off                ;
; Auto Resource Sharing                                            ; Off                ; Off                ;
; Allow Any RAM Size For Recognition                               ; Off                ; Off                ;
; Allow Any ROM Size For Recognition                               ; Off                ; Off                ;
; Allow Any Shift Register Size For Recognition                    ; Off                ; Off                ;
; Use LogicLock Constraints during Resource Balancing              ; On                 ; On                 ;
; Ignore translate_off and synthesis_off directives                ; Off                ; Off                ;
; Timing-Driven Synthesis                                          ; On                 ; On                 ;
; Report Parameter Settings                                        ; On                 ; On                 ;
; Report Source Assignments                                        ; On                 ; On                 ;
; Report Connectivity Checks                                       ; On                 ; On                 ;
; Ignore Maximum Fan-Out Assignments                               ; Off                ; Off                ;
; Synchronization Register Chain Length                            ; 2                  ; 2                  ;
; Power Optimization During Synthesis                              ; Normal compilation ; Normal compilation ;
; HDL message level                                                ; Level2             ; Level2             ;
; Suppress Register Optimization Related Messages                  ; Off                ; Off                ;
; Number of Removed Registers Reported in Synthesis Report         ; 5000               ; 5000               ;
; Number of Swept Nodes Reported in Synthesis Report               ; 5000               ; 5000               ;
; Number of Inverted Registers Reported in Synthesis Report        ; 100                ; 100                ;
; Clock MUX Protection                                             ; On                 ; On                 ;
; Auto Gated Clock Conversion                                      ; Off                ; Off                ;
; Block Design Naming                                              ; Auto               ; Auto               ;
; SDC constraint protection                                        ; Off                ; Off                ;
; Synthesis Effort                                                 ; Auto               ; Auto               ;
; Shift Register Replacement - Allow Asynchronous Clear Signal     ; On                 ; On                 ;
; Pre-Mapping Resynthesis Optimization                             ; Off                ; Off                ;
; Analysis & Synthesis Message Level                               ; Medium             ; Medium             ;
; Disable Register Merging Across Hierarchies                      ; Auto               ; Auto               ;
; Resource Aware Inference For Block RAM                           ; On                 ; On                 ;
+------------------------------------------------------------------+--------------------+--------------------+


+------------------------------------------+
; Parallel Compilation                     ;
+----------------------------+-------------+
; Processors                 ; Number      ;
+----------------------------+-------------+
; Number detected on machine ; 12          ;
; Maximum allowed            ; 6           ;
;                            ;             ;
; Average used               ; 1.00        ;
; Maximum used               ; 6           ;
;                            ;             ;
; Usage by Processor         ; % Time Used ;
;     Processor 1            ; 100.0%      ;
;     Processor 2            ;   0.0%      ;
;     Processors 3-6         ;   0.0%      ;
+----------------------------+-------------+


+-----------------------------------------------------------------------------------------------------------------------------------------------------------------------------+
; Analysis & Synthesis Source Files Read                                                                                                                                      ;
+----------------------------------+-----------------+------------------------------+-------------------------------------------------------------------------------+---------+
; File Name with User-Entered Path ; Used in Netlist ; File Type                    ; File Name with Absolute Path                                                  ; Library ;
+----------------------------------+-----------------+------------------------------+-------------------------------------------------------------------------------+---------+
; d_ff.v                           ; yes             ; User Verilog HDL File        ; C:/Users/gaelm/Desktop/PWM/d_ff.v                                             ;         ;
; debouncer2.v                     ; yes             ; User Verilog HDL File        ; C:/Users/gaelm/Desktop/PWM/debouncer2.v                                       ;         ;
; clkdiv.v                         ; yes             ; User Verilog HDL File        ; C:/Users/gaelm/Desktop/PWM/clkdiv.v                                           ;         ;
; PWM_servo.v                      ; yes             ; User Verilog HDL File        ; C:/Users/gaelm/Desktop/PWM/PWM_servo.v                                        ;         ;
; lpm_mult.tdf                     ; yes             ; Megafunction                 ; c:/intelfpga_lite/23.1std/quartus/libraries/megafunctions/lpm_mult.tdf        ;         ;
; aglobal231.inc                   ; yes             ; Megafunction                 ; c:/intelfpga_lite/23.1std/quartus/libraries/megafunctions/aglobal231.inc      ;         ;
; lpm_add_sub.inc                  ; yes             ; Megafunction                 ; c:/intelfpga_lite/23.1std/quartus/libraries/megafunctions/lpm_add_sub.inc     ;         ;
; multcore.inc                     ; yes             ; Megafunction                 ; c:/intelfpga_lite/23.1std/quartus/libraries/megafunctions/multcore.inc        ;         ;
; bypassff.inc                     ; yes             ; Megafunction                 ; c:/intelfpga_lite/23.1std/quartus/libraries/megafunctions/bypassff.inc        ;         ;
; altshift.inc                     ; yes             ; Megafunction                 ; c:/intelfpga_lite/23.1std/quartus/libraries/megafunctions/altshift.inc        ;         ;
; db/mult_nrs.tdf                  ; yes             ; Auto-Generated Megafunction  ; C:/Users/gaelm/Desktop/PWM/db/mult_nrs.tdf                                    ;         ;
; lpm_divide.tdf                   ; yes             ; Megafunction                 ; c:/intelfpga_lite/23.1std/quartus/libraries/megafunctions/lpm_divide.tdf      ;         ;
; abs_divider.inc                  ; yes             ; Megafunction                 ; c:/intelfpga_lite/23.1std/quartus/libraries/megafunctions/abs_divider.inc     ;         ;
; sign_div_unsign.inc              ; yes             ; Megafunction                 ; c:/intelfpga_lite/23.1std/quartus/libraries/megafunctions/sign_div_unsign.inc ;         ;
; db/lpm_divide_ptl.tdf            ; yes             ; Auto-Generated Megafunction  ; C:/Users/gaelm/Desktop/PWM/db/lpm_divide_ptl.tdf                              ;         ;
; db/sign_div_unsign_rlh.tdf       ; yes             ; Auto-Generated Megafunction  ; C:/Users/gaelm/Desktop/PWM/db/sign_div_unsign_rlh.tdf                         ;         ;
; db/alt_u_div_0ie.tdf             ; yes             ; Auto-Generated Megafunction  ; C:/Users/gaelm/Desktop/PWM/db/alt_u_div_0ie.tdf                               ;         ;
; db/add_sub_t3c.tdf               ; yes             ; Auto-Generated Megafunction  ; C:/Users/gaelm/Desktop/PWM/db/add_sub_t3c.tdf                                 ;         ;
; db/add_sub_u3c.tdf               ; yes             ; Auto-Generated Megafunction  ; C:/Users/gaelm/Desktop/PWM/db/add_sub_u3c.tdf                                 ;         ;
+----------------------------------+-----------------+------------------------------+-------------------------------------------------------------------------------+---------+


+---------------------------------------------------------+
; Analysis & Synthesis Resource Usage Summary             ;
+---------------------------------------------+-----------+
; Resource                                    ; Usage     ;
+---------------------------------------------+-----------+
; Estimated Total logic elements              ; 693       ;
;                                             ;           ;
; Total combinational functions               ; 687       ;
; Logic element usage by number of LUT inputs ;           ;
;     -- 4 input functions                    ; 129       ;
;     -- 3 input functions                    ; 174       ;
;     -- <=2 input functions                  ; 384       ;
;                                             ;           ;
; Logic elements by mode                      ;           ;
;     -- normal mode                          ; 395       ;
;     -- arithmetic mode                      ; 292       ;
;                                             ;           ;
; Total registers                             ; 122       ;
;     -- Dedicated logic registers            ; 122       ;
;     -- I/O registers                        ; 0         ;
;                                             ;           ;
; I/O pins                                    ; 6         ;
;                                             ;           ;
; Embedded Multiplier 9-bit elements          ; 4         ;
;                                             ;           ;
; Maximum fan-out node                        ; clk~input ;
; Maximum fan-out                             ; 103       ;
; Total fan-out                               ; 2063      ;
; Average fan-out                             ; 2.50      ;
+---------------------------------------------+-----------+


+-----------------------------------------------------------------------------------------------------------------------------------------------------------------------------------------------------------------------------------------------------------------------------------------------------------------------------------------------+
; Analysis & Synthesis Resource Utilization by Entity                                                                                                                                                                                                                                                                                           ;
+----------------------------------------+---------------------+---------------------------+-------------+------------+--------------+---------+-----------+------+--------------+------------+------------------------------------------------------------------------------------------------------------+---------------------+--------------+
; Compilation Hierarchy Node             ; Combinational ALUTs ; Dedicated Logic Registers ; Memory Bits ; UFM Blocks ; DSP Elements ; DSP 9x9 ; DSP 18x18 ; Pins ; Virtual Pins ; ADC blocks ; Full Hierarchy Name                                                                                        ; Entity Name         ; Library Name ;
+----------------------------------------+---------------------+---------------------------+-------------+------------+--------------+---------+-----------+------+--------------+------------+------------------------------------------------------------------------------------------------------------+---------------------+--------------+
; |PWM_servo                             ; 687 (124)           ; 122 (51)                  ; 0           ; 0          ; 4            ; 0       ; 2         ; 6    ; 0            ; 0          ; |PWM_servo                                                                                                 ; PWM_servo           ; work         ;
;    |clkdiv:clock_divider_inst|         ; 51 (51)             ; 33 (33)                   ; 0           ; 0          ; 0            ; 0       ; 0         ; 0    ; 0            ; 0          ; |PWM_servo|clkdiv:clock_divider_inst                                                                       ; clkdiv              ; work         ;
;    |debouncer2:d1|                     ; 41 (1)              ; 34 (0)                    ; 0           ; 0          ; 0            ; 0       ; 0         ; 0    ; 0            ; 0          ; |PWM_servo|debouncer2:d1                                                                                   ; debouncer2          ; work         ;
;       |clkdiv:u1|                      ; 40 (40)             ; 31 (31)                   ; 0           ; 0          ; 0            ; 0       ; 0         ; 0    ; 0            ; 0          ; |PWM_servo|debouncer2:d1|clkdiv:u1                                                                         ; clkdiv              ; work         ;
;       |d_ff:d0|                        ; 0 (0)               ; 1 (1)                     ; 0           ; 0          ; 0            ; 0       ; 0         ; 0    ; 0            ; 0          ; |PWM_servo|debouncer2:d1|d_ff:d0                                                                           ; d_ff                ; work         ;
;       |d_ff:d1|                        ; 0 (0)               ; 1 (1)                     ; 0           ; 0          ; 0            ; 0       ; 0         ; 0    ; 0            ; 0          ; |PWM_servo|debouncer2:d1|d_ff:d1                                                                           ; d_ff                ; work         ;
;       |d_ff:d2|                        ; 0 (0)               ; 1 (1)                     ; 0           ; 0          ; 0            ; 0       ; 0         ; 0    ; 0            ; 0          ; |PWM_servo|debouncer2:d1|d_ff:d2                                                                           ; d_ff                ; work         ;
;    |debouncer2:d2|                     ; 12 (1)              ; 4 (0)                     ; 0           ; 0          ; 0            ; 0       ; 0         ; 0    ; 0            ; 0          ; |PWM_servo|debouncer2:d2                                                                                   ; debouncer2          ; work         ;
;       |clkdiv:u1|                      ; 11 (11)             ; 1 (1)                     ; 0           ; 0          ; 0            ; 0       ; 0         ; 0    ; 0            ; 0          ; |PWM_servo|debouncer2:d2|clkdiv:u1                                                                         ; clkdiv              ; work         ;
;       |d_ff:d0|                        ; 0 (0)               ; 1 (1)                     ; 0           ; 0          ; 0            ; 0       ; 0         ; 0    ; 0            ; 0          ; |PWM_servo|debouncer2:d2|d_ff:d0                                                                           ; d_ff                ; work         ;
;       |d_ff:d1|                        ; 0 (0)               ; 1 (1)                     ; 0           ; 0          ; 0            ; 0       ; 0         ; 0    ; 0            ; 0          ; |PWM_servo|debouncer2:d2|d_ff:d1                                                                           ; d_ff                ; work         ;
;       |d_ff:d2|                        ; 0 (0)               ; 1 (1)                     ; 0           ; 0          ; 0            ; 0       ; 0         ; 0    ; 0            ; 0          ; |PWM_servo|debouncer2:d2|d_ff:d2                                                                           ; d_ff                ; work         ;
;    |lpm_divide:Div0|                   ; 445 (0)             ; 0 (0)                     ; 0           ; 0          ; 0            ; 0       ; 0         ; 0    ; 0            ; 0          ; |PWM_servo|lpm_divide:Div0                                                                                 ; lpm_divide          ; work         ;
;       |lpm_divide_ptl:auto_generated|  ; 445 (0)             ; 0 (0)                     ; 0           ; 0          ; 0            ; 0       ; 0         ; 0    ; 0            ; 0          ; |PWM_servo|lpm_divide:Div0|lpm_divide_ptl:auto_generated                                                   ; lpm_divide_ptl      ; work         ;
;          |sign_div_unsign_rlh:divider| ; 445 (0)             ; 0 (0)                     ; 0           ; 0          ; 0            ; 0       ; 0         ; 0    ; 0            ; 0          ; |PWM_servo|lpm_divide:Div0|lpm_divide_ptl:auto_generated|sign_div_unsign_rlh:divider                       ; sign_div_unsign_rlh ; work         ;
;             |alt_u_div_0ie:divider|    ; 445 (445)           ; 0 (0)                     ; 0           ; 0          ; 0            ; 0       ; 0         ; 0    ; 0            ; 0          ; |PWM_servo|lpm_divide:Div0|lpm_divide_ptl:auto_generated|sign_div_unsign_rlh:divider|alt_u_div_0ie:divider ; alt_u_div_0ie       ; work         ;
;    |lpm_mult:Mult0|                    ; 14 (0)              ; 0 (0)                     ; 0           ; 0          ; 4            ; 0       ; 2         ; 0    ; 0            ; 0          ; |PWM_servo|lpm_mult:Mult0                                                                                  ; lpm_mult            ; work         ;
;       |mult_nrs:auto_generated|        ; 14 (14)             ; 0 (0)                     ; 0           ; 0          ; 4            ; 0       ; 2         ; 0    ; 0            ; 0          ; |PWM_servo|lpm_mult:Mult0|mult_nrs:auto_generated                                                          ; mult_nrs            ; work         ;
+----------------------------------------+---------------------+---------------------------+-------------+------------+--------------+---------+-----------+------+--------------+------------+------------------------------------------------------------------------------------------------------------+---------------------+--------------+
Note: For table entries with two numbers listed, the numbers in parentheses indicate the number of resources of the given type used by the specific entity alone. The numbers listed outside of parentheses indicate the total resources of the given type used by the specific entity and all of its sub-entities in the hierarchy.


+-----------------------------------------------------+
; Analysis & Synthesis DSP Block Usage Summary        ;
+---------------------------------------+-------------+
; Statistic                             ; Number Used ;
+---------------------------------------+-------------+
; Simple Multipliers (9-bit)            ; 0           ;
; Simple Multipliers (18-bit)           ; 2           ;
; Embedded Multiplier Blocks            ; --          ;
; Embedded Multiplier 9-bit elements    ; 4           ;
; Signed Embedded Multipliers           ; 0           ;
; Unsigned Embedded Multipliers         ; 2           ;
; Mixed Sign Embedded Multipliers       ; 0           ;
; Variable Sign Embedded Multipliers    ; 0           ;
; Dedicated Input Shift Register Chains ; 0           ;
+---------------------------------------+-------------+
Note: number of Embedded Multiplier Blocks used is only available after a successful fit.


+-----------------------------------------------------------------------------------------+
; Registers Removed During Synthesis                                                      ;
+----------------------------------------+------------------------------------------------+
; Register name                          ; Reason for Removal                             ;
+----------------------------------------+------------------------------------------------+
; debouncer2:d2|clkdiv:u1|count[19]      ; Merged with debouncer2:d1|clkdiv:u1|count[19]  ;
; debouncer2:d2|clkdiv:u1|count[16]      ; Merged with debouncer2:d1|clkdiv:u1|count[16]  ;
; debouncer2:d2|clkdiv:u1|count[15]      ; Merged with debouncer2:d1|clkdiv:u1|count[15]  ;
; debouncer2:d2|clkdiv:u1|count[11]      ; Merged with debouncer2:d1|clkdiv:u1|count[11]  ;
; debouncer2:d2|clkdiv:u1|count[8]       ; Merged with debouncer2:d1|clkdiv:u1|count[8]   ;
; debouncer2:d2|clkdiv:u1|count[6]       ; Merged with debouncer2:d1|clkdiv:u1|count[6]   ;
; debouncer2:d2|clkdiv:u1|count[5]       ; Merged with debouncer2:d1|clkdiv:u1|count[5]   ;
; debouncer2:d2|clkdiv:u1|count[2]       ; Merged with debouncer2:d1|clkdiv:u1|count[2]   ;
; debouncer2:d2|clkdiv:u1|count[1]       ; Merged with debouncer2:d1|clkdiv:u1|count[1]   ;
; debouncer2:d2|clkdiv:u1|count[0]       ; Merged with debouncer2:d1|clkdiv:u1|count[0]   ;
; debouncer2:d2|clkdiv:u1|count[31]      ; Merged with debouncer2:d1|clkdiv:u1|count[31]  ;
; debouncer2:d2|clkdiv:u1|count[30]      ; Merged with debouncer2:d1|clkdiv:u1|count[30]  ;
; debouncer2:d2|clkdiv:u1|count[29]      ; Merged with debouncer2:d1|clkdiv:u1|count[29]  ;
; debouncer2:d2|clkdiv:u1|count[28]      ; Merged with debouncer2:d1|clkdiv:u1|count[28]  ;
; debouncer2:d2|clkdiv:u1|count[27]      ; Merged with debouncer2:d1|clkdiv:u1|count[27]  ;
; debouncer2:d2|clkdiv:u1|count[26]      ; Merged with debouncer2:d1|clkdiv:u1|count[26]  ;
; debouncer2:d2|clkdiv:u1|count[25]      ; Merged with debouncer2:d1|clkdiv:u1|count[25]  ;
; debouncer2:d2|clkdiv:u1|count[24]      ; Merged with debouncer2:d1|clkdiv:u1|count[24]  ;
; debouncer2:d2|clkdiv:u1|count[23]      ; Merged with debouncer2:d1|clkdiv:u1|count[23]  ;
; debouncer2:d2|clkdiv:u1|count[22]      ; Merged with debouncer2:d1|clkdiv:u1|count[22]  ;
; debouncer2:d2|clkdiv:u1|count[21]      ; Merged with debouncer2:d1|clkdiv:u1|count[21]  ;
; debouncer2:d2|clkdiv:u1|count[20]      ; Merged with debouncer2:d1|clkdiv:u1|count[20]  ;
; debouncer2:d2|clkdiv:u1|count[18]      ; Merged with debouncer2:d1|clkdiv:u1|count[18]  ;
; debouncer2:d2|clkdiv:u1|count[17]      ; Merged with debouncer2:d1|clkdiv:u1|count[17]  ;
; debouncer2:d2|clkdiv:u1|count[14]      ; Merged with debouncer2:d1|clkdiv:u1|count[14]  ;
; debouncer2:d2|clkdiv:u1|count[13]      ; Merged with debouncer2:d1|clkdiv:u1|count[13]  ;
; debouncer2:d2|clkdiv:u1|count[12]      ; Merged with debouncer2:d1|clkdiv:u1|count[12]  ;
; debouncer2:d2|clkdiv:u1|count[10]      ; Merged with debouncer2:d1|clkdiv:u1|count[10]  ;
; debouncer2:d2|clkdiv:u1|count[9]       ; Merged with debouncer2:d1|clkdiv:u1|count[9]   ;
; debouncer2:d2|clkdiv:u1|count[7]       ; Merged with debouncer2:d1|clkdiv:u1|count[7]   ;
; debouncer2:d2|clkdiv:u1|count[4]       ; Merged with debouncer2:d1|clkdiv:u1|count[4]   ;
; debouncer2:d2|clkdiv:u1|count[3]       ; Merged with debouncer2:d1|clkdiv:u1|count[3]   ;
; pulse_width[0..2]                      ; Stuck at GND due to stuck port data_in         ;
; debouncer2:d1|clkdiv:u1|count[0]       ; Merged with clkdiv:clock_divider_inst|count[0] ;
; debouncer2:d1|clkdiv:u1|count[1]       ; Merged with clkdiv:clock_divider_inst|count[1] ;
; Total Number of Removed Registers = 37 ;                                                ;
+----------------------------------------+------------------------------------------------+


+------------------------------------------------------+
; General Register Statistics                          ;
+----------------------------------------------+-------+
; Statistic                                    ; Value ;
+----------------------------------------------+-------+
; Total registers                              ; 122   ;
; Number of registers using Synchronous Clear  ; 21    ;
; Number of registers using Synchronous Load   ; 6     ;
; Number of registers using Asynchronous Clear ; 0     ;
; Number of registers using Asynchronous Load  ; 0     ;
; Number of registers using Clock Enable       ; 19    ;
; Number of registers using Preset             ; 0     ;
+----------------------------------------------+-------+


+---------------------------------------------------+
; Inverted Register Statistics                      ;
+-----------------------------------------+---------+
; Inverted Register                       ; Fan out ;
+-----------------------------------------+---------+
; pulse_width[14]                         ; 1       ;
; pulse_width[13]                         ; 1       ;
; pulse_width[8]                          ; 1       ;
; pulse_width[7]                          ; 1       ;
; pulse_width[5]                          ; 1       ;
; pulse_width[3]                          ; 1       ;
; DC[0]                                   ; 10      ;
; btn_down_last                           ; 1       ;
; DC[3]                                   ; 6       ;
; DC[4]                                   ; 6       ;
; btn_up_last                             ; 1       ;
; Total number of inverted registers = 11 ;         ;
+-----------------------------------------+---------+


+------------------------------------------------------------------------------------------------------------------------------------------+
; Multiplexer Restructuring Statistics (Restructuring Performed)                                                                           ;
+--------------------+-----------+---------------+----------------------+------------------------+------------+----------------------------+
; Multiplexer Inputs ; Bus Width ; Baseline Area ; Area if Restructured ; Saving if Restructured ; Registered ; Example Multiplexer Output ;
+--------------------+-----------+---------------+----------------------+------------------------+------------+----------------------------+
; 3:1                ; 6 bits    ; 12 LEs        ; 6 LEs                ; 6 LEs                  ; Yes        ; |PWM_servo|DC[9]           ;
; 3:1                ; 20 bits   ; 40 LEs        ; 20 LEs               ; 20 LEs                 ; Yes        ; |PWM_servo|counter[19]     ;
; 3:1                ; 2 bits    ; 4 LEs         ; 2 LEs                ; 2 LEs                  ; Yes        ; |PWM_servo|DC[4]           ;
+--------------------+-----------+---------------+----------------------+------------------------+------------+----------------------------+


+---------------------------------------------------------------------------+
; Parameter Settings for User Entity Instance: Top-level Entity: |PWM_servo ;
+----------------+---------+------------------------------------------------+
; Parameter Name ; Value   ; Type                                           ;
+----------------+---------+------------------------------------------------+
; frecuencia     ; 1000000 ; Signed Integer                                 ;
; pulso_min      ; 25000   ; Signed Integer                                 ;
; pulso_max      ; 125000  ; Signed Integer                                 ;
; pulso_manual   ; 5       ; Signed Integer                                 ;
+----------------+---------+------------------------------------------------+
Note: In order to hide this table in the UI and the text report file, please set the "Show Parameter Settings in Synthesis Report" option in "Analysis and Synthesis Settings -> More Settings" to "Off".


+----------------------------------------------------------------------+
; Parameter Settings for User Entity Instance: debouncer2:d1|clkdiv:u1 ;
+----------------+-------+---------------------------------------------+
; Parameter Name ; Value ; Type                                        ;
+----------------+-------+---------------------------------------------+
; FREQ           ; 40    ; Signed Integer                              ;
+----------------+-------+---------------------------------------------+
Note: In order to hide this table in the UI and the text report file, please set the "Show Parameter Settings in Synthesis Report" option in "Analysis and Synthesis Settings -> More Settings" to "Off".


+----------------------------------------------------------------------+
; Parameter Settings for User Entity Instance: debouncer2:d2|clkdiv:u1 ;
+----------------+-------+---------------------------------------------+
; Parameter Name ; Value ; Type                                        ;
+----------------+-------+---------------------------------------------+
; FREQ           ; 40    ; Signed Integer                              ;
+----------------+-------+---------------------------------------------+
Note: In order to hide this table in the UI and the text report file, please set the "Show Parameter Settings in Synthesis Report" option in "Analysis and Synthesis Settings -> More Settings" to "Off".


+------------------------------------------------------------------------+
; Parameter Settings for User Entity Instance: clkdiv:clock_divider_inst ;
+----------------+-------+-----------------------------------------------+
; Parameter Name ; Value ; Type                                          ;
+----------------+-------+-----------------------------------------------+
; FREQ           ; 50    ; Signed Integer                                ;
+----------------+-------+-----------------------------------------------+
Note: In order to hide this table in the UI and the text report file, please set the "Show Parameter Settings in Synthesis Report" option in "Analysis and Synthesis Settings -> More Settings" to "Off".


+---------------------------------------------------------------------------------+
; Parameter Settings for Inferred Entity Instance: lpm_mult:Mult0                 ;
+------------------------------------------------+----------+---------------------+
; Parameter Name                                 ; Value    ; Type                ;
+------------------------------------------------+----------+---------------------+
; AUTO_CARRY_CHAINS                              ; ON       ; AUTO_CARRY          ;
; IGNORE_CARRY_BUFFERS                           ; OFF      ; IGNORE_CARRY        ;
; AUTO_CASCADE_CHAINS                            ; ON       ; AUTO_CASCADE        ;
; IGNORE_CASCADE_BUFFERS                         ; OFF      ; IGNORE_CASCADE      ;
; LPM_WIDTHA                                     ; 17       ; Untyped             ;
; LPM_WIDTHB                                     ; 32       ; Untyped             ;
; LPM_WIDTHP                                     ; 49       ; Untyped             ;
; LPM_WIDTHR                                     ; 49       ; Untyped             ;
; LPM_WIDTHS                                     ; 1        ; Untyped             ;
; LPM_REPRESENTATION                             ; UNSIGNED ; Untyped             ;
; LPM_PIPELINE                                   ; 0        ; Untyped             ;
; LATENCY                                        ; 0        ; Untyped             ;
; INPUT_A_IS_CONSTANT                            ; YES      ; Untyped             ;
; INPUT_B_IS_CONSTANT                            ; NO       ; Untyped             ;
; USE_EAB                                        ; OFF      ; Untyped             ;
; MAXIMIZE_SPEED                                 ; 5        ; Untyped             ;
; DEVICE_FAMILY                                  ; MAX 10   ; Untyped             ;
; CARRY_CHAIN                                    ; MANUAL   ; Untyped             ;
; APEX20K_TECHNOLOGY_MAPPER                      ; LUT      ; TECH_MAPPER_APEX20K ;
; DEDICATED_MULTIPLIER_CIRCUITRY                 ; AUTO     ; Untyped             ;
; DEDICATED_MULTIPLIER_MIN_INPUT_WIDTH_FOR_AUTO  ; 0        ; Untyped             ;
; DEDICATED_MULTIPLIER_MIN_OUTPUT_WIDTH_FOR_AUTO ; 0        ; Untyped             ;
; CBXI_PARAMETER                                 ; mult_nrs ; Untyped             ;
; INPUT_A_FIXED_VALUE                            ; Bx       ; Untyped             ;
; INPUT_B_FIXED_VALUE                            ; Bx       ; Untyped             ;
; USE_AHDL_IMPLEMENTATION                        ; OFF      ; Untyped             ;
+------------------------------------------------+----------+---------------------+
Note: In order to hide this table in the UI and the text report file, please set the "Show Parameter Settings in Synthesis Report" option in "Analysis and Synthesis Settings -> More Settings" to "Off".


+------------------------------------------------------------------+
; Parameter Settings for Inferred Entity Instance: lpm_divide:Div0 ;
+------------------------+----------------+------------------------+
; Parameter Name         ; Value          ; Type                   ;
+------------------------+----------------+------------------------+
; LPM_WIDTHN             ; 32             ; Untyped                ;
; LPM_WIDTHD             ; 7              ; Untyped                ;
; LPM_NREPRESENTATION    ; UNSIGNED       ; Untyped                ;
; LPM_DREPRESENTATION    ; UNSIGNED       ; Untyped                ;
; LPM_PIPELINE           ; 0              ; Untyped                ;
; LPM_REMAINDERPOSITIVE  ; TRUE           ; Untyped                ;
; MAXIMIZE_SPEED         ; 5              ; Untyped                ;
; CBXI_PARAMETER         ; lpm_divide_ptl ; Untyped                ;
; CARRY_CHAIN            ; MANUAL         ; Untyped                ;
; OPTIMIZE_FOR_SPEED     ; 5              ; Untyped                ;
; AUTO_CARRY_CHAINS      ; ON             ; AUTO_CARRY             ;
; IGNORE_CARRY_BUFFERS   ; OFF            ; IGNORE_CARRY           ;
; AUTO_CASCADE_CHAINS    ; ON             ; AUTO_CASCADE           ;
; IGNORE_CASCADE_BUFFERS ; OFF            ; IGNORE_CASCADE         ;
+------------------------+----------------+------------------------+
Note: In order to hide this table in the UI and the text report file, please set the "Show Parameter Settings in Synthesis Report" option in "Analysis and Synthesis Settings -> More Settings" to "Off".


+--------------------------------------------------------+
; lpm_mult Parameter Settings by Entity Instance         ;
+---------------------------------------+----------------+
; Name                                  ; Value          ;
+---------------------------------------+----------------+
; Number of entity instances            ; 1              ;
; Entity Instance                       ; lpm_mult:Mult0 ;
;     -- LPM_WIDTHA                     ; 17             ;
;     -- LPM_WIDTHB                     ; 32             ;
;     -- LPM_WIDTHP                     ; 49             ;
;     -- LPM_REPRESENTATION             ; UNSIGNED       ;
;     -- INPUT_A_IS_CONSTANT            ; YES            ;
;     -- INPUT_B_IS_CONSTANT            ; NO             ;
;     -- USE_EAB                        ; OFF            ;
;     -- DEDICATED_MULTIPLIER_CIRCUITRY ; AUTO           ;
;     -- INPUT_A_FIXED_VALUE            ; Bx             ;
;     -- INPUT_B_FIXED_VALUE            ; Bx             ;
+---------------------------------------+----------------+


+-----------------------------------------------------------------------------------------------------------------------------------------------------------------------------------------------------------------+
; Port Connectivity Checks: "clkdiv:clock_divider_inst"                                                                                                                                                           ;
+---------+-------+----------+------------------------------------------------------------------------------------------------------------------------------------------------------------------------------------+
; Port    ; Type  ; Severity ; Details                                                                                                                                                                            ;
+---------+-------+----------+------------------------------------------------------------------------------------------------------------------------------------------------------------------------------------+
; rst     ; Input ; Warning  ; Input port expression (32 bits) is wider than the input port (1 bits) it drives.  The 31 most-significant bit(s) in the expression will be dangling if they have no other fanouts. ;
; rst[-1] ; Input ; Info     ; Stuck at GND                                                                                                                                                                       ;
+---------+-------+----------+------------------------------------------------------------------------------------------------------------------------------------------------------------------------------------+


+-----------------------------------------------------------------------------------------------------------------------------------------------------------------------------------------------------------------+
; Port Connectivity Checks: "debouncer2:d2"                                                                                                                                                                       ;
+---------+-------+----------+------------------------------------------------------------------------------------------------------------------------------------------------------------------------------------+
; Port    ; Type  ; Severity ; Details                                                                                                                                                                            ;
+---------+-------+----------+------------------------------------------------------------------------------------------------------------------------------------------------------------------------------------+
; rst     ; Input ; Warning  ; Input port expression (32 bits) is wider than the input port (1 bits) it drives.  The 31 most-significant bit(s) in the expression will be dangling if they have no other fanouts. ;
; rst[-1] ; Input ; Info     ; Stuck at GND                                                                                                                                                                       ;
+---------+-------+----------+------------------------------------------------------------------------------------------------------------------------------------------------------------------------------------+


+-----------------------------------------------------------------------------------------------------------------------------------------------------------------------------------------------------------------+
; Port Connectivity Checks: "debouncer2:d1"                                                                                                                                                                       ;
+---------+-------+----------+------------------------------------------------------------------------------------------------------------------------------------------------------------------------------------+
; Port    ; Type  ; Severity ; Details                                                                                                                                                                            ;
+---------+-------+----------+------------------------------------------------------------------------------------------------------------------------------------------------------------------------------------+
; rst     ; Input ; Warning  ; Input port expression (32 bits) is wider than the input port (1 bits) it drives.  The 31 most-significant bit(s) in the expression will be dangling if they have no other fanouts. ;
; rst[-1] ; Input ; Info     ; Stuck at GND                                                                                                                                                                       ;
+---------+-------+----------+------------------------------------------------------------------------------------------------------------------------------------------------------------------------------------+


+-----------------------------------------------------+
; Post-Synthesis Netlist Statistics for Top Partition ;
+-----------------------+-----------------------------+
; Type                  ; Count                       ;
+-----------------------+-----------------------------+
; boundary_port         ; 6                           ;
; cycloneiii_ff         ; 122                         ;
;     ENA               ; 19                          ;
;     SCLR              ; 21                          ;
;     SLD               ; 6                           ;
;     plain             ; 76                          ;
; cycloneiii_lcell_comb ; 688                         ;
;     arith             ; 292                         ;
;         2 data inputs ; 129                         ;
;         3 data inputs ; 163                         ;
;     normal            ; 396                         ;
;         0 data inputs ; 24                          ;
;         1 data inputs ; 15                          ;
;         2 data inputs ; 217                         ;
;         3 data inputs ; 11                          ;
;         4 data inputs ; 129                         ;
; cycloneiii_mac_mult   ; 2                           ;
; cycloneiii_mac_out    ; 2                           ;
;                       ;                             ;
; Max LUT depth         ; 63.70                       ;
; Average LUT depth     ; 36.75                       ;
+-----------------------+-----------------------------+


+-------------------------------+
; Elapsed Time Per Partition    ;
+----------------+--------------+
; Partition Name ; Elapsed Time ;
+----------------+--------------+
; Top            ; 00:00:01     ;
+----------------+--------------+


+-------------------------------+
; Analysis & Synthesis Messages ;
+-------------------------------+
Info: *******************************************************************
Info: Running Quartus Prime Analysis & Synthesis
    Info: Version 23.1std.0 Build 991 11/28/2023 SC Lite Edition
    Info: Processing started: Thu Mar 13 07:38:15 2025
Info: Command: quartus_map --read_settings_files=on --write_settings_files=off PWM -c PWM
Warning (18236): Number of processors has not been specified which may cause overloading on shared machines.  Set the global assignment NUM_PARALLEL_PROCESSORS in your QSF to an appropriate value for best performance.
Info (20030): Parallel compilation is enabled and will use 6 of the 6 processors detected
Info (12021): Found 1 design units, including 1 entities, in source file d_ff.v
    Info (12023): Found entity 1: d_ff File: C:/Users/gaelm/Desktop/PWM/d_ff.v Line: 2
Info (12021): Found 1 design units, including 1 entities, in source file debouncer2.v
    Info (12023): Found entity 1: debouncer2 File: C:/Users/gaelm/Desktop/PWM/debouncer2.v Line: 1
Info (12021): Found 1 design units, including 1 entities, in source file clkdiv.v
    Info (12023): Found entity 1: clkdiv File: C:/Users/gaelm/Desktop/PWM/clkdiv.v Line: 1
Info (12021): Found 1 design units, including 1 entities, in source file pwm_servo.v
    Info (12023): Found entity 1: PWM_servo File: C:/Users/gaelm/Desktop/PWM/PWM_servo.v Line: 1
Info (12021): Found 1 design units, including 1 entities, in source file pwm_tb.v
    Info (12023): Found entity 1: PWM_tb File: C:/Users/gaelm/Desktop/PWM/PWM_tb.v Line: 1
Info (12127): Elaborating entity "PWM_servo" for the top level hierarchy
Warning (10230): Verilog HDL assignment warning at PWM_servo.v(45): truncated value with size 32 to match size of target (20) File: C:/Users/gaelm/Desktop/PWM/PWM_servo.v Line: 45
Warning (10230): Verilog HDL assignment warning at PWM_servo.v(61): truncated value with size 32 to match size of target (11) File: C:/Users/gaelm/Desktop/PWM/PWM_servo.v Line: 61
Warning (10230): Verilog HDL assignment warning at PWM_servo.v(68): truncated value with size 32 to match size of target (11) File: C:/Users/gaelm/Desktop/PWM/PWM_servo.v Line: 68
Warning (10230): Verilog HDL assignment warning at PWM_servo.v(87): truncated value with size 32 to match size of target (20) File: C:/Users/gaelm/Desktop/PWM/PWM_servo.v Line: 87
Warning (10230): Verilog HDL assignment warning at PWM_servo.v(99): truncated value with size 32 to match size of target (20) File: C:/Users/gaelm/Desktop/PWM/PWM_servo.v Line: 99
Info (12128): Elaborating entity "debouncer2" for hierarchy "debouncer2:d1" File: C:/Users/gaelm/Desktop/PWM/PWM_servo.v Line: 27
Info (12128): Elaborating entity "clkdiv" for hierarchy "debouncer2:d1|clkdiv:u1" File: C:/Users/gaelm/Desktop/PWM/debouncer2.v Line: 10
Info (12128): Elaborating entity "d_ff" for hierarchy "debouncer2:d1|d_ff:d0" File: C:/Users/gaelm/Desktop/PWM/debouncer2.v Line: 13
Info (12128): Elaborating entity "clkdiv" for hierarchy "clkdiv:clock_divider_inst" File: C:/Users/gaelm/Desktop/PWM/PWM_servo.v Line: 41
Info (278001): Inferred 2 megafunctions from design logic
    Info (278003): Inferred multiplier megafunction ("lpm_mult") from the following logic: "Mult0" File: C:/Users/gaelm/Desktop/PWM/PWM_servo.v Line: 87
    Info (278004): Inferred divider/modulo megafunction ("lpm_divide") from the following logic: "Div0" File: C:/Users/gaelm/Desktop/PWM/PWM_servo.v Line: 87
Info (12130): Elaborated megafunction instantiation "lpm_mult:Mult0" File: C:/Users/gaelm/Desktop/PWM/PWM_servo.v Line: 87
Info (12133): Instantiated megafunction "lpm_mult:Mult0" with the following parameter: File: C:/Users/gaelm/Desktop/PWM/PWM_servo.v Line: 87
    Info (12134): Parameter "LPM_WIDTHA" = "17"
    Info (12134): Parameter "LPM_WIDTHB" = "32"
    Info (12134): Parameter "LPM_WIDTHP" = "49"
    Info (12134): Parameter "LPM_WIDTHR" = "49"
    Info (12134): Parameter "LPM_WIDTHS" = "1"
    Info (12134): Parameter "LPM_REPRESENTATION" = "UNSIGNED"
    Info (12134): Parameter "INPUT_A_IS_CONSTANT" = "YES"
    Info (12134): Parameter "INPUT_B_IS_CONSTANT" = "NO"
    Info (12134): Parameter "MAXIMIZE_SPEED" = "5"
Info (12021): Found 1 design units, including 1 entities, in source file db/mult_nrs.tdf
    Info (12023): Found entity 1: mult_nrs File: C:/Users/gaelm/Desktop/PWM/db/mult_nrs.tdf Line: 31
Info (12130): Elaborated megafunction instantiation "lpm_divide:Div0" File: C:/Users/gaelm/Desktop/PWM/PWM_servo.v Line: 87
Info (12133): Instantiated megafunction "lpm_divide:Div0" with the following parameter: File: C:/Users/gaelm/Desktop/PWM/PWM_servo.v Line: 87
    Info (12134): Parameter "LPM_WIDTHN" = "32"
    Info (12134): Parameter "LPM_WIDTHD" = "7"
    Info (12134): Parameter "LPM_NREPRESENTATION" = "UNSIGNED"
    Info (12134): Parameter "LPM_DREPRESENTATION" = "UNSIGNED"
Info (12021): Found 1 design units, including 1 entities, in source file db/lpm_divide_ptl.tdf
    Info (12023): Found entity 1: lpm_divide_ptl File: C:/Users/gaelm/Desktop/PWM/db/lpm_divide_ptl.tdf Line: 25
Info (12021): Found 1 design units, including 1 entities, in source file db/sign_div_unsign_rlh.tdf
    Info (12023): Found entity 1: sign_div_unsign_rlh File: C:/Users/gaelm/Desktop/PWM/db/sign_div_unsign_rlh.tdf Line: 25
Info (12021): Found 1 design units, including 1 entities, in source file db/alt_u_div_0ie.tdf
    Info (12023): Found entity 1: alt_u_div_0ie File: C:/Users/gaelm/Desktop/PWM/db/alt_u_div_0ie.tdf Line: 27
Info (12021): Found 1 design units, including 1 entities, in source file db/add_sub_t3c.tdf
    Info (12023): Found entity 1: add_sub_t3c File: C:/Users/gaelm/Desktop/PWM/db/add_sub_t3c.tdf Line: 23
Info (12021): Found 1 design units, including 1 entities, in source file db/add_sub_u3c.tdf
    Info (12023): Found entity 1: add_sub_u3c File: C:/Users/gaelm/Desktop/PWM/db/add_sub_u3c.tdf Line: 23
Warning (12241): 3 hierarchies have connectivity warnings - see the Connectivity Checks report folder
Info (13014): Ignored 42 buffer(s)
    Info (13019): Ignored 42 SOFT buffer(s)
Info (286030): Timing-Driven Synthesis is running
Info (17016): Found the following redundant logic cells in design
    Info (17048): Logic cell "lpm_divide:Div0|lpm_divide_ptl:auto_generated|sign_div_unsign_rlh:divider|alt_u_div_0ie:divider|add_sub_26_result_int[0]~16" File: C:/Users/gaelm/Desktop/PWM/db/alt_u_div_0ie.tdf Line: 122
Info (16010): Generating hard_block partition "hard_block:auto_generated_inst"
    Info (16011): Adding 0 node(s), including 0 DDIO, 0 PLL, 0 transceiver and 0 LCELL
Warning (21074): Design contains 1 input pin(s) that do not drive logic
    Warning (15610): No output dependent on input pin "rst" File: C:/Users/gaelm/Desktop/PWM/PWM_servo.v Line: 3
Info (21057): Implemented 704 device resources after synthesis - the final resource count might be different
    Info (21058): Implemented 5 input pins
    Info (21059): Implemented 1 output pins
    Info (21061): Implemented 694 logic cells
    Info (21062): Implemented 4 DSP elements
Info: Quartus Prime Analysis & Synthesis was successful. 0 errors, 9 warnings
    Info: Peak virtual memory: 4839 megabytes
    Info: Processing ended: Thu Mar 13 07:38:41 2025
    Info: Elapsed time: 00:00:26
    Info: Total CPU time (on all processors): 00:00:26


